operation_mode: chain_tqe
[2026-08-02 00:25:17,614][absl][WARNING] - No training configuration found in the save file, so the model was *not* compiled. Compile it manually.
Model name : yamnet_e256
Using pretrained weights
Dataset : custom
The last epoch history :
['epoch', 'accuracy', 'learning_rate', 'loss', 'val_accuracy', 'val_loss']
['36', '0.7699124813079834', '6.25000029685907e-05', '0.6533493399620056', '0.7006802558898926', '0.7983182072639465']
Training runtime : 186 s
Average time per epoch : 5.03 s
Nb params of float model : 136646
Float model test_set:
Patch-level accuracy of float model : 71.52 %
Clip-level accuracy of float model : 78.0 %
Loss of float model : 0.7651354670524597
[2026-08-02 00:28:40,286][absl][INFO] - Function `function` contains input name(s) resource with unsupported characters which will be renamed to functional_35_1_new_head_1_biasadd_readvariableop_resource in the SavedModel.
[2026-08-02 00:28:40,316][absl][INFO] - Function `function` contains input name(s) resource with unsupported characters which will be renamed to functional_35_1_new_head_1_biasadd_readvariableop_resource in the SavedModel.
Quantized model test_set:
Patch-level accuracy of quantized model : 71.52 %
Clip-level accuracy of quantized model : 77.71 %
operation finished: chain_tqe
