operation_mode: chain_tqe
[2026-08-06 15:43:31,727][absl][WARNING] - No training configuration found in the save file, so the model was *not* compiled. Compile it manually.
Model name : yamnet_e256
Using pretrained weights
Dataset : custom
The last epoch history :
['epoch', 'accuracy', 'learning_rate', 'loss', 'val_accuracy', 'val_loss']
['36', '0.879507839679718', '0.0001250000059371814', '0.3891730308532715', '0.7891566157341003', '0.7363836765289307']
Training runtime : 132 s
Average time per epoch : 3.57 s
Nb params of float model : 136646
Float model test_set:
Patch-level accuracy of float model : 79.63 %
Clip-level accuracy of float model : 87.05 %
Loss of float model : 0.7140759825706482
[2026-08-06 15:46:04,566][absl][INFO] - Function `function` contains input name(s) resource with unsupported characters which will be renamed to functional_35_1_new_head_1_biasadd_readvariableop_resource in the SavedModel.
[2026-08-06 15:46:04,612][absl][INFO] - Function `function` contains input name(s) resource with unsupported characters which will be renamed to functional_35_1_new_head_1_biasadd_readvariableop_resource in the SavedModel.
Quantized model test_set:
Patch-level accuracy of quantized model : 79.79 %
Clip-level accuracy of quantized model : 86.69 %
operation finished: chain_tqe
