operation_mode: chain_tqe
[2026-08-02 01:03:53,820][absl][WARNING] - No training configuration found in the save file, so the model was *not* compiled. Compile it manually.
Model name : yamnet_e256
Using pretrained weights
Dataset : custom
The last epoch history :
['epoch', 'accuracy', 'learning_rate', 'loss', 'val_accuracy', 'val_loss']
['23', '0.777622401714325', '0.0002500000118743628', '0.4584032893180847', '0.6961602568626404', '0.5604274272918701']
Training runtime : 65 s
Average time per epoch : 2.71 s
Nb params of float model : 135618
Float model test_set:
Patch-level accuracy of float model : 72.95 %
Clip-level accuracy of float model : 71.66 %
Loss of float model : 0.5672375559806824
[2026-08-02 01:05:09,793][absl][INFO] - Function `function` contains input name(s) resource with unsupported characters which will be renamed to functional_35_1_new_head_1_biasadd_readvariableop_resource in the SavedModel.
[2026-08-02 01:05:09,820][absl][INFO] - Function `function` contains input name(s) resource with unsupported characters which will be renamed to functional_35_1_new_head_1_biasadd_readvariableop_resource in the SavedModel.
Quantized model test_set:
Patch-level accuracy of quantized model : 72.58 %
Clip-level accuracy of quantized model : 71.66 %
operation finished: chain_tqe
