operation_mode: chain_tqe
[2026-08-02 00:34:01,102][absl][WARNING] - No training configuration found in the save file, so the model was *not* compiled. Compile it manually.
Model name : yamnet_e256
Using pretrained weights
Dataset : custom
The last epoch history :
['epoch', 'accuracy', 'learning_rate', 'loss', 'val_accuracy', 'val_loss']
['29', '0.8574743866920471', '0.0002500000118743628', '0.4229869544506073', '0.8307997584342957', '0.49148130416870117']
Training runtime : 111 s
Average time per epoch : 3.7 s
Nb params of float model : 136389
Float model test_set:
Patch-level accuracy of float model : 83.87 %
Clip-level accuracy of float model : 88.26 %
Loss of float model : 0.4705771505832672
[2026-08-02 00:36:02,730][absl][INFO] - Function `function` contains input name(s) resource with unsupported characters which will be renamed to functional_35_1_new_head_1_biasadd_readvariableop_resource in the SavedModel.
[2026-08-02 00:36:02,757][absl][INFO] - Function `function` contains input name(s) resource with unsupported characters which will be renamed to functional_35_1_new_head_1_biasadd_readvariableop_resource in the SavedModel.
Quantized model test_set:
Patch-level accuracy of quantized model : 83.67 %
Clip-level accuracy of quantized model : 88.26 %
operation finished: chain_tqe
