operation_mode: chain_tqe
[2026-08-02 01:07:32,213][absl][WARNING] - No training configuration found in the save file, so the model was *not* compiled. Compile it manually.
Model name : yamnet_e256
Using pretrained weights
Dataset : custom
The last epoch history :
['epoch', 'accuracy', 'learning_rate', 'loss', 'val_accuracy', 'val_loss']
['33', '0.7960615158081055', '0.0001250000059371814', '0.608998715877533', '0.6364774703979492', '1.0607047080993652']
Training runtime : 150 s
Average time per epoch : 4.41 s
Nb params of float model : 136903
Float model test_set:
Patch-level accuracy of float model : 64.94 %
Clip-level accuracy of float model : 69.25 %
Loss of float model : 1.0184516906738281
[2026-08-02 01:10:15,737][absl][INFO] - Function `function` contains input name(s) resource with unsupported characters which will be renamed to functional_35_1_new_head_1_biasadd_readvariableop_resource in the SavedModel.
[2026-08-02 01:10:15,766][absl][INFO] - Function `function` contains input name(s) resource with unsupported characters which will be renamed to functional_35_1_new_head_1_biasadd_readvariableop_resource in the SavedModel.
Quantized model test_set:
Patch-level accuracy of quantized model : 65.23 %
Clip-level accuracy of quantized model : 69.79 %
operation finished: chain_tqe
